

================================================================
== Vitis HLS Report for 'IMAGE_DIFF_POSTERIZE'
================================================================
* Date:           Fri Nov 28 05:51:45 2025

* Version:        2024.2 (Build 5238294 on Nov  8 2024)
* Project:        IMAGE_DIFF_POSTERIZE
* Solution:       hls (Vivado IP Flow Target)
* Product family: virtexuplus
* Target device:  xcu200-fsgd2104-2-e


================================================================
== Performance Estimates
================================================================
+ Timing: 
    * Summary: 
    +--------+----------+----------+------------+
    |  Clock |  Target  | Estimated| Uncertainty|
    +--------+----------+----------+------------+
    |ap_clk  |  10.00 ns|  3.644 ns|     2.70 ns|
    +--------+----------+----------+------------+

+ Latency: 
    * Summary: 
    +---------+---------+----------+----------+-----+-----+------------------------------------------------+
    |  Latency (cycles) |  Latency (absolute) |  Interval |                    Pipeline                    |
    |   min   |   max   |    min   |    max   | min | max |                      Type                      |
    +---------+---------+----------+----------+-----+-----+------------------------------------------------+
    |      258|      258|  2.580 us|  2.580 us|  256|  256|  loop auto-rewind stp (delay=0 clock cycles(s))|
    +---------+---------+----------+----------+-----+-----+------------------------------------------------+

    + Detail: 
        * Instance: 
        N/A

        * Loop: 
        +--------------------+---------+---------+----------+-----------+-----------+------+----------+
        |                    |  Latency (cycles) | Iteration|  Initiation Interval  | Trip |          |
        |      Loop Name     |   min   |   max   |  Latency |  achieved |   target  | Count| Pipelined|
        +--------------------+---------+---------+----------+-----------+-----------+------+----------+
        |- GENERAL_ROW_LOOP  |      256|      256|         3|          2|          1|   128|       yes|
        +--------------------+---------+---------+----------+-----------+-----------+------+----------+



================================================================
== Utilization Estimates
================================================================
* Summary: 
+---------------------+---------+------+---------+---------+-----+
|         Name        | BRAM_18K|  DSP |    FF   |   LUT   | URAM|
+---------------------+---------+------+---------+---------+-----+
|DSP                  |        -|     -|        -|        -|    -|
|Expression           |        -|     -|        0|    10408|    -|
|FIFO                 |        -|     -|        -|        -|    -|
|Instance             |        0|     -|       36|       40|    0|
|Memory               |        -|     -|        -|        -|    -|
|Multiplexer          |        -|     -|        0|      109|    -|
|Register             |        -|     -|       14|        -|    -|
+---------------------+---------+------+---------+---------+-----+
|Total                |        0|     0|       50|    10557|    0|
+---------------------+---------+------+---------+---------+-----+
|Available SLR        |     1440|  2280|   788160|   394080|  320|
+---------------------+---------+------+---------+---------+-----+
|Utilization SLR (%)  |        0|     0|       ~0|        2|    0|
+---------------------+---------+------+---------+---------+-----+
|Available            |     4320|  6840|  2364480|  1182240|  960|
+---------------------+---------+------+---------+---------+-----+
|Utilization (%)      |        0|     0|       ~0|       ~0|    0|
+---------------------+---------+------+---------+---------+-----+

+ Detail: 
    * Instance: 
    +-----------------+---------------+---------+----+----+----+-----+
    |     Instance    |     Module    | BRAM_18K| DSP| FF | LUT| URAM|
    +-----------------+---------------+---------+----+----+----+-----+
    |control_s_axi_U  |control_s_axi  |        0|   0|  36|  40|    0|
    +-----------------+---------------+---------+----+----+----+-----+
    |Total            |               |        0|   0|  36|  40|    0|
    +-----------------+---------------+---------+----+----+----+-----+

    * DSP: 
    N/A

    * Memory: 
    N/A

    * FIFO: 
    N/A

    * Expression: 
    +----------------------------------+----------+----+---+-----+------------+------------+
    |           Variable Name          | Operation| DSP| FF| LUT | Bitwidth P0| Bitwidth P1|
    +----------------------------------+----------+----+---+-----+------------+------------+
    |i_fu_6370_p2                      |         +|   0|  0|   14|           7|           1|
    |sub_ln68_100_fu_9229_p2           |         -|   0|  0|   15|           1|           8|
    |sub_ln68_101_fu_9307_p2           |         -|   0|  0|   15|           1|           8|
    |sub_ln68_102_fu_9385_p2           |         -|   0|  0|   15|           1|           8|
    |sub_ln68_103_fu_9463_p2           |         -|   0|  0|   15|           1|           8|
    |sub_ln68_104_fu_9541_p2           |         -|   0|  0|   15|           1|           8|
    |sub_ln68_105_fu_9619_p2           |         -|   0|  0|   15|           1|           8|
    |sub_ln68_106_fu_9697_p2           |         -|   0|  0|   15|           1|           8|
    |sub_ln68_107_fu_9775_p2           |         -|   0|  0|   15|           1|           8|
    |sub_ln68_108_fu_9853_p2           |         -|   0|  0|   15|           1|           8|
    |sub_ln68_109_fu_9931_p2           |         -|   0|  0|   15|           1|           8|
    |sub_ln68_10_fu_2051_p2            |         -|   0|  0|   15|           1|           8|
    |sub_ln68_110_fu_10009_p2          |         -|   0|  0|   15|           1|           8|
    |sub_ln68_111_fu_10087_p2          |         -|   0|  0|   15|           1|           8|
    |sub_ln68_112_fu_10165_p2          |         -|   0|  0|   15|           1|           8|
    |sub_ln68_113_fu_10243_p2          |         -|   0|  0|   15|           1|           8|
    |sub_ln68_114_fu_10321_p2          |         -|   0|  0|   15|           1|           8|
    |sub_ln68_115_fu_10399_p2          |         -|   0|  0|   15|           1|           8|
    |sub_ln68_116_fu_10477_p2          |         -|   0|  0|   15|           1|           8|
    |sub_ln68_117_fu_10555_p2          |         -|   0|  0|   15|           1|           8|
    |sub_ln68_118_fu_10633_p2          |         -|   0|  0|   15|           1|           8|
    |sub_ln68_119_fu_10711_p2          |         -|   0|  0|   15|           1|           8|
    |sub_ln68_11_fu_2129_p2            |         -|   0|  0|   15|           1|           8|
    |sub_ln68_120_fu_10789_p2          |         -|   0|  0|   15|           1|           8|
    |sub_ln68_121_fu_10867_p2          |         -|   0|  0|   15|           1|           8|
    |sub_ln68_122_fu_10945_p2          |         -|   0|  0|   15|           1|           8|
    |sub_ln68_123_fu_11023_p2          |         -|   0|  0|   15|           1|           8|
    |sub_ln68_124_fu_11101_p2          |         -|   0|  0|   15|           1|           8|
    |sub_ln68_125_fu_11179_p2          |         -|   0|  0|   15|           1|           8|
    |sub_ln68_126_fu_11257_p2          |         -|   0|  0|   15|           1|           8|
    |sub_ln68_127_fu_11335_p2          |         -|   0|  0|   15|           1|           8|
    |sub_ln68_12_fu_2207_p2            |         -|   0|  0|   15|           1|           8|
    |sub_ln68_13_fu_2285_p2            |         -|   0|  0|   15|           1|           8|
    |sub_ln68_14_fu_2363_p2            |         -|   0|  0|   15|           1|           8|
    |sub_ln68_15_fu_2441_p2            |         -|   0|  0|   15|           1|           8|
    |sub_ln68_16_fu_2519_p2            |         -|   0|  0|   15|           1|           8|
    |sub_ln68_17_fu_2597_p2            |         -|   0|  0|   15|           1|           8|
    |sub_ln68_18_fu_2675_p2            |         -|   0|  0|   15|           1|           8|
    |sub_ln68_19_fu_2753_p2            |         -|   0|  0|   15|           1|           8|
    |sub_ln68_1_fu_1349_p2             |         -|   0|  0|   15|           1|           8|
    |sub_ln68_20_fu_2831_p2            |         -|   0|  0|   15|           1|           8|
    |sub_ln68_21_fu_2909_p2            |         -|   0|  0|   15|           1|           8|
    |sub_ln68_22_fu_2987_p2            |         -|   0|  0|   15|           1|           8|
    |sub_ln68_23_fu_3065_p2            |         -|   0|  0|   15|           1|           8|
    |sub_ln68_24_fu_3143_p2            |         -|   0|  0|   15|           1|           8|
    |sub_ln68_25_fu_3221_p2            |         -|   0|  0|   15|           1|           8|
    |sub_ln68_26_fu_3299_p2            |         -|   0|  0|   15|           1|           8|
    |sub_ln68_27_fu_3377_p2            |         -|   0|  0|   15|           1|           8|
    |sub_ln68_28_fu_3455_p2            |         -|   0|  0|   15|           1|           8|
    |sub_ln68_29_fu_3533_p2            |         -|   0|  0|   15|           1|           8|
    |sub_ln68_2_fu_1427_p2             |         -|   0|  0|   15|           1|           8|
    |sub_ln68_30_fu_3611_p2            |         -|   0|  0|   15|           1|           8|
    |sub_ln68_31_fu_3689_p2            |         -|   0|  0|   15|           1|           8|
    |sub_ln68_32_fu_3767_p2            |         -|   0|  0|   15|           1|           8|
    |sub_ln68_33_fu_3845_p2            |         -|   0|  0|   15|           1|           8|
    |sub_ln68_34_fu_3923_p2            |         -|   0|  0|   15|           1|           8|
    |sub_ln68_35_fu_4001_p2            |         -|   0|  0|   15|           1|           8|
    |sub_ln68_36_fu_4079_p2            |         -|   0|  0|   15|           1|           8|
    |sub_ln68_37_fu_4157_p2            |         -|   0|  0|   15|           1|           8|
    |sub_ln68_38_fu_4235_p2            |         -|   0|  0|   15|           1|           8|
    |sub_ln68_39_fu_4313_p2            |         -|   0|  0|   15|           1|           8|
    |sub_ln68_3_fu_1505_p2             |         -|   0|  0|   15|           1|           8|
    |sub_ln68_40_fu_4391_p2            |         -|   0|  0|   15|           1|           8|
    |sub_ln68_41_fu_4469_p2            |         -|   0|  0|   15|           1|           8|
    |sub_ln68_42_fu_4547_p2            |         -|   0|  0|   15|           1|           8|
    |sub_ln68_43_fu_4625_p2            |         -|   0|  0|   15|           1|           8|
    |sub_ln68_44_fu_4703_p2            |         -|   0|  0|   15|           1|           8|
    |sub_ln68_45_fu_4781_p2            |         -|   0|  0|   15|           1|           8|
    |sub_ln68_46_fu_4859_p2            |         -|   0|  0|   15|           1|           8|
    |sub_ln68_47_fu_4937_p2            |         -|   0|  0|   15|           1|           8|
    |sub_ln68_48_fu_5015_p2            |         -|   0|  0|   15|           1|           8|
    |sub_ln68_49_fu_5093_p2            |         -|   0|  0|   15|           1|           8|
    |sub_ln68_4_fu_1583_p2             |         -|   0|  0|   15|           1|           8|
    |sub_ln68_50_fu_5171_p2            |         -|   0|  0|   15|           1|           8|
    |sub_ln68_51_fu_5249_p2            |         -|   0|  0|   15|           1|           8|
    |sub_ln68_52_fu_5327_p2            |         -|   0|  0|   15|           1|           8|
    |sub_ln68_53_fu_5405_p2            |         -|   0|  0|   15|           1|           8|
    |sub_ln68_54_fu_5483_p2            |         -|   0|  0|   15|           1|           8|
    |sub_ln68_55_fu_5561_p2            |         -|   0|  0|   15|           1|           8|
    |sub_ln68_56_fu_5639_p2            |         -|   0|  0|   15|           1|           8|
    |sub_ln68_57_fu_5717_p2            |         -|   0|  0|   15|           1|           8|
    |sub_ln68_58_fu_5795_p2            |         -|   0|  0|   15|           1|           8|
    |sub_ln68_59_fu_5873_p2            |         -|   0|  0|   15|           1|           8|
    |sub_ln68_5_fu_1661_p2             |         -|   0|  0|   15|           1|           8|
    |sub_ln68_60_fu_5951_p2            |         -|   0|  0|   15|           1|           8|
    |sub_ln68_61_fu_6029_p2            |         -|   0|  0|   15|           1|           8|
    |sub_ln68_62_fu_6107_p2            |         -|   0|  0|   15|           1|           8|
    |sub_ln68_63_fu_6185_p2            |         -|   0|  0|   15|           1|           8|
    |sub_ln68_64_fu_6421_p2            |         -|   0|  0|   15|           1|           8|
    |sub_ln68_65_fu_6499_p2            |         -|   0|  0|   15|           1|           8|
    |sub_ln68_66_fu_6577_p2            |         -|   0|  0|   15|           1|           8|
    |sub_ln68_67_fu_6655_p2            |         -|   0|  0|   15|           1|           8|
    |sub_ln68_68_fu_6733_p2            |         -|   0|  0|   15|           1|           8|
    |sub_ln68_69_fu_6811_p2            |         -|   0|  0|   15|           1|           8|
    |sub_ln68_6_fu_1739_p2             |         -|   0|  0|   15|           1|           8|
    |sub_ln68_70_fu_6889_p2            |         -|   0|  0|   15|           1|           8|
    |sub_ln68_71_fu_6967_p2            |         -|   0|  0|   15|           1|           8|
    |sub_ln68_72_fu_7045_p2            |         -|   0|  0|   15|           1|           8|
    |sub_ln68_73_fu_7123_p2            |         -|   0|  0|   15|           1|           8|
    |sub_ln68_74_fu_7201_p2            |         -|   0|  0|   15|           1|           8|
    |sub_ln68_75_fu_7279_p2            |         -|   0|  0|   15|           1|           8|
    |sub_ln68_76_fu_7357_p2            |         -|   0|  0|   15|           1|           8|
    |sub_ln68_77_fu_7435_p2            |         -|   0|  0|   15|           1|           8|
    |sub_ln68_78_fu_7513_p2            |         -|   0|  0|   15|           1|           8|
    |sub_ln68_79_fu_7591_p2            |         -|   0|  0|   15|           1|           8|
    |sub_ln68_7_fu_1817_p2             |         -|   0|  0|   15|           1|           8|
    |sub_ln68_80_fu_7669_p2            |         -|   0|  0|   15|           1|           8|
    |sub_ln68_81_fu_7747_p2            |         -|   0|  0|   15|           1|           8|
    |sub_ln68_82_fu_7825_p2            |         -|   0|  0|   15|           1|           8|
    |sub_ln68_83_fu_7903_p2            |         -|   0|  0|   15|           1|           8|
    |sub_ln68_84_fu_7981_p2            |         -|   0|  0|   15|           1|           8|
    |sub_ln68_85_fu_8059_p2            |         -|   0|  0|   15|           1|           8|
    |sub_ln68_86_fu_8137_p2            |         -|   0|  0|   15|           1|           8|
    |sub_ln68_87_fu_8215_p2            |         -|   0|  0|   15|           1|           8|
    |sub_ln68_88_fu_8293_p2            |         -|   0|  0|   15|           1|           8|
    |sub_ln68_89_fu_8371_p2            |         -|   0|  0|   15|           1|           8|
    |sub_ln68_8_fu_1895_p2             |         -|   0|  0|   15|           1|           8|
    |sub_ln68_90_fu_8449_p2            |         -|   0|  0|   15|           1|           8|
    |sub_ln68_91_fu_8527_p2            |         -|   0|  0|   15|           1|           8|
    |sub_ln68_92_fu_8605_p2            |         -|   0|  0|   15|           1|           8|
    |sub_ln68_93_fu_8683_p2            |         -|   0|  0|   15|           1|           8|
    |sub_ln68_94_fu_8761_p2            |         -|   0|  0|   15|           1|           8|
    |sub_ln68_95_fu_8839_p2            |         -|   0|  0|   15|           1|           8|
    |sub_ln68_96_fu_8917_p2            |         -|   0|  0|   15|           1|           8|
    |sub_ln68_97_fu_8995_p2            |         -|   0|  0|   15|           1|           8|
    |sub_ln68_98_fu_9073_p2            |         -|   0|  0|   15|           1|           8|
    |sub_ln68_99_fu_9151_p2            |         -|   0|  0|   15|           1|           8|
    |sub_ln68_9_fu_1973_p2             |         -|   0|  0|   15|           1|           8|
    |sub_ln68_fu_1271_p2               |         -|   0|  0|   15|           1|           8|
    |temp_d_100_fu_9211_p2             |         -|   0|  0|   16|           9|           9|
    |temp_d_101_fu_9289_p2             |         -|   0|  0|   16|           9|           9|
    |temp_d_102_fu_9367_p2             |         -|   0|  0|   16|           9|           9|
    |temp_d_103_fu_9445_p2             |         -|   0|  0|   16|           9|           9|
    |temp_d_104_fu_9523_p2             |         -|   0|  0|   16|           9|           9|
    |temp_d_105_fu_9601_p2             |         -|   0|  0|   16|           9|           9|
    |temp_d_106_fu_9679_p2             |         -|   0|  0|   16|           9|           9|
    |temp_d_107_fu_9757_p2             |         -|   0|  0|   16|           9|           9|
    |temp_d_108_fu_9835_p2             |         -|   0|  0|   16|           9|           9|
    |temp_d_109_fu_9913_p2             |         -|   0|  0|   16|           9|           9|
    |temp_d_10_fu_2033_p2              |         -|   0|  0|   16|           9|           9|
    |temp_d_110_fu_9991_p2             |         -|   0|  0|   16|           9|           9|
    |temp_d_111_fu_10069_p2            |         -|   0|  0|   16|           9|           9|
    |temp_d_112_fu_10147_p2            |         -|   0|  0|   16|           9|           9|
    |temp_d_113_fu_10225_p2            |         -|   0|  0|   16|           9|           9|
    |temp_d_114_fu_10303_p2            |         -|   0|  0|   16|           9|           9|
    |temp_d_115_fu_10381_p2            |         -|   0|  0|   16|           9|           9|
    |temp_d_116_fu_10459_p2            |         -|   0|  0|   16|           9|           9|
    |temp_d_117_fu_10537_p2            |         -|   0|  0|   16|           9|           9|
    |temp_d_118_fu_10615_p2            |         -|   0|  0|   16|           9|           9|
    |temp_d_119_fu_10693_p2            |         -|   0|  0|   16|           9|           9|
    |temp_d_11_fu_2111_p2              |         -|   0|  0|   16|           9|           9|
    |temp_d_120_fu_10771_p2            |         -|   0|  0|   16|           9|           9|
    |temp_d_121_fu_10849_p2            |         -|   0|  0|   16|           9|           9|
    |temp_d_122_fu_10927_p2            |         -|   0|  0|   16|           9|           9|
    |temp_d_123_fu_11005_p2            |         -|   0|  0|   16|           9|           9|
    |temp_d_124_fu_11083_p2            |         -|   0|  0|   16|           9|           9|
    |temp_d_125_fu_11161_p2            |         -|   0|  0|   16|           9|           9|
    |temp_d_126_fu_11239_p2            |         -|   0|  0|   16|           9|           9|
    |temp_d_127_fu_11317_p2            |         -|   0|  0|   16|           9|           9|
    |temp_d_12_fu_2189_p2              |         -|   0|  0|   16|           9|           9|
    |temp_d_13_fu_2267_p2              |         -|   0|  0|   16|           9|           9|
    |temp_d_14_fu_2345_p2              |         -|   0|  0|   16|           9|           9|
    |temp_d_15_fu_2423_p2              |         -|   0|  0|   16|           9|           9|
    |temp_d_16_fu_2501_p2              |         -|   0|  0|   16|           9|           9|
    |temp_d_17_fu_2579_p2              |         -|   0|  0|   16|           9|           9|
    |temp_d_18_fu_2657_p2              |         -|   0|  0|   16|           9|           9|
    |temp_d_19_fu_2735_p2              |         -|   0|  0|   16|           9|           9|
    |temp_d_1_fu_1331_p2               |         -|   0|  0|   16|           9|           9|
    |temp_d_20_fu_2813_p2              |         -|   0|  0|   16|           9|           9|
    |temp_d_21_fu_2891_p2              |         -|   0|  0|   16|           9|           9|
    |temp_d_22_fu_2969_p2              |         -|   0|  0|   16|           9|           9|
    |temp_d_23_fu_3047_p2              |         -|   0|  0|   16|           9|           9|
    |temp_d_24_fu_3125_p2              |         -|   0|  0|   16|           9|           9|
    |temp_d_25_fu_3203_p2              |         -|   0|  0|   16|           9|           9|
    |temp_d_26_fu_3281_p2              |         -|   0|  0|   16|           9|           9|
    |temp_d_27_fu_3359_p2              |         -|   0|  0|   16|           9|           9|
    |temp_d_28_fu_3437_p2              |         -|   0|  0|   16|           9|           9|
    |temp_d_29_fu_3515_p2              |         -|   0|  0|   16|           9|           9|
    |temp_d_2_fu_1409_p2               |         -|   0|  0|   16|           9|           9|
    |temp_d_30_fu_3593_p2              |         -|   0|  0|   16|           9|           9|
    |temp_d_31_fu_3671_p2              |         -|   0|  0|   16|           9|           9|
    |temp_d_32_fu_3749_p2              |         -|   0|  0|   16|           9|           9|
    |temp_d_33_fu_3827_p2              |         -|   0|  0|   16|           9|           9|
    |temp_d_34_fu_3905_p2              |         -|   0|  0|   16|           9|           9|
    |temp_d_35_fu_3983_p2              |         -|   0|  0|   16|           9|           9|
    |temp_d_36_fu_4061_p2              |         -|   0|  0|   16|           9|           9|
    |temp_d_37_fu_4139_p2              |         -|   0|  0|   16|           9|           9|
    |temp_d_38_fu_4217_p2              |         -|   0|  0|   16|           9|           9|
    |temp_d_39_fu_4295_p2              |         -|   0|  0|   16|           9|           9|
    |temp_d_3_fu_1487_p2               |         -|   0|  0|   16|           9|           9|
    |temp_d_40_fu_4373_p2              |         -|   0|  0|   16|           9|           9|
    |temp_d_41_fu_4451_p2              |         -|   0|  0|   16|           9|           9|
    |temp_d_42_fu_4529_p2              |         -|   0|  0|   16|           9|           9|
    |temp_d_43_fu_4607_p2              |         -|   0|  0|   16|           9|           9|
    |temp_d_44_fu_4685_p2              |         -|   0|  0|   16|           9|           9|
    |temp_d_45_fu_4763_p2              |         -|   0|  0|   16|           9|           9|
    |temp_d_46_fu_4841_p2              |         -|   0|  0|   16|           9|           9|
    |temp_d_47_fu_4919_p2              |         -|   0|  0|   16|           9|           9|
    |temp_d_48_fu_4997_p2              |         -|   0|  0|   16|           9|           9|
    |temp_d_49_fu_5075_p2              |         -|   0|  0|   16|           9|           9|
    |temp_d_4_fu_1565_p2               |         -|   0|  0|   16|           9|           9|
    |temp_d_50_fu_5153_p2              |         -|   0|  0|   16|           9|           9|
    |temp_d_51_fu_5231_p2              |         -|   0|  0|   16|           9|           9|
    |temp_d_52_fu_5309_p2              |         -|   0|  0|   16|           9|           9|
    |temp_d_53_fu_5387_p2              |         -|   0|  0|   16|           9|           9|
    |temp_d_54_fu_5465_p2              |         -|   0|  0|   16|           9|           9|
    |temp_d_55_fu_5543_p2              |         -|   0|  0|   16|           9|           9|
    |temp_d_56_fu_5621_p2              |         -|   0|  0|   16|           9|           9|
    |temp_d_57_fu_5699_p2              |         -|   0|  0|   16|           9|           9|
    |temp_d_58_fu_5777_p2              |         -|   0|  0|   16|           9|           9|
    |temp_d_59_fu_5855_p2              |         -|   0|  0|   16|           9|           9|
    |temp_d_5_fu_1643_p2               |         -|   0|  0|   16|           9|           9|
    |temp_d_60_fu_5933_p2              |         -|   0|  0|   16|           9|           9|
    |temp_d_61_fu_6011_p2              |         -|   0|  0|   16|           9|           9|
    |temp_d_62_fu_6089_p2              |         -|   0|  0|   16|           9|           9|
    |temp_d_63_fu_6167_p2              |         -|   0|  0|   16|           9|           9|
    |temp_d_64_fu_6403_p2              |         -|   0|  0|   16|           9|           9|
    |temp_d_65_fu_6481_p2              |         -|   0|  0|   16|           9|           9|
    |temp_d_66_fu_6559_p2              |         -|   0|  0|   16|           9|           9|
    |temp_d_67_fu_6637_p2              |         -|   0|  0|   16|           9|           9|
    |temp_d_68_fu_6715_p2              |         -|   0|  0|   16|           9|           9|
    |temp_d_69_fu_6793_p2              |         -|   0|  0|   16|           9|           9|
    |temp_d_6_fu_1721_p2               |         -|   0|  0|   16|           9|           9|
    |temp_d_70_fu_6871_p2              |         -|   0|  0|   16|           9|           9|
    |temp_d_71_fu_6949_p2              |         -|   0|  0|   16|           9|           9|
    |temp_d_72_fu_7027_p2              |         -|   0|  0|   16|           9|           9|
    |temp_d_73_fu_7105_p2              |         -|   0|  0|   16|           9|           9|
    |temp_d_74_fu_7183_p2              |         -|   0|  0|   16|           9|           9|
    |temp_d_75_fu_7261_p2              |         -|   0|  0|   16|           9|           9|
    |temp_d_76_fu_7339_p2              |         -|   0|  0|   16|           9|           9|
    |temp_d_77_fu_7417_p2              |         -|   0|  0|   16|           9|           9|
    |temp_d_78_fu_7495_p2              |         -|   0|  0|   16|           9|           9|
    |temp_d_79_fu_7573_p2              |         -|   0|  0|   16|           9|           9|
    |temp_d_7_fu_1799_p2               |         -|   0|  0|   16|           9|           9|
    |temp_d_80_fu_7651_p2              |         -|   0|  0|   16|           9|           9|
    |temp_d_81_fu_7729_p2              |         -|   0|  0|   16|           9|           9|
    |temp_d_82_fu_7807_p2              |         -|   0|  0|   16|           9|           9|
    |temp_d_83_fu_7885_p2              |         -|   0|  0|   16|           9|           9|
    |temp_d_84_fu_7963_p2              |         -|   0|  0|   16|           9|           9|
    |temp_d_85_fu_8041_p2              |         -|   0|  0|   16|           9|           9|
    |temp_d_86_fu_8119_p2              |         -|   0|  0|   16|           9|           9|
    |temp_d_87_fu_8197_p2              |         -|   0|  0|   16|           9|           9|
    |temp_d_88_fu_8275_p2              |         -|   0|  0|   16|           9|           9|
    |temp_d_89_fu_8353_p2              |         -|   0|  0|   16|           9|           9|
    |temp_d_8_fu_1877_p2               |         -|   0|  0|   16|           9|           9|
    |temp_d_90_fu_8431_p2              |         -|   0|  0|   16|           9|           9|
    |temp_d_91_fu_8509_p2              |         -|   0|  0|   16|           9|           9|
    |temp_d_92_fu_8587_p2              |         -|   0|  0|   16|           9|           9|
    |temp_d_93_fu_8665_p2              |         -|   0|  0|   16|           9|           9|
    |temp_d_94_fu_8743_p2              |         -|   0|  0|   16|           9|           9|
    |temp_d_95_fu_8821_p2              |         -|   0|  0|   16|           9|           9|
    |temp_d_96_fu_8899_p2              |         -|   0|  0|   16|           9|           9|
    |temp_d_97_fu_8977_p2              |         -|   0|  0|   16|           9|           9|
    |temp_d_98_fu_9055_p2              |         -|   0|  0|   16|           9|           9|
    |temp_d_99_fu_9133_p2              |         -|   0|  0|   16|           9|           9|
    |temp_d_9_fu_1955_p2               |         -|   0|  0|   16|           9|           9|
    |temp_d_fu_1253_p2                 |         -|   0|  0|   16|           9|           9|
    |ap_condition_164                  |       and|   0|  0|    2|           1|           1|
    |icmp_ln42_fu_6376_p2              |      icmp|   0|  0|   14|           7|           2|
    |icmp_ln70_100_fu_9253_p2          |      icmp|   0|  0|   10|           3|           1|
    |icmp_ln70_101_fu_9331_p2          |      icmp|   0|  0|   10|           3|           1|
    |icmp_ln70_102_fu_9409_p2          |      icmp|   0|  0|   10|           3|           1|
    |icmp_ln70_103_fu_9487_p2          |      icmp|   0|  0|   10|           3|           1|
    |icmp_ln70_104_fu_9565_p2          |      icmp|   0|  0|   10|           3|           1|
    |icmp_ln70_105_fu_9643_p2          |      icmp|   0|  0|   10|           3|           1|
    |icmp_ln70_106_fu_9721_p2          |      icmp|   0|  0|   10|           3|           1|
    |icmp_ln70_107_fu_9799_p2          |      icmp|   0|  0|   10|           3|           1|
    |icmp_ln70_108_fu_9877_p2          |      icmp|   0|  0|   10|           3|           1|
    |icmp_ln70_109_fu_9955_p2          |      icmp|   0|  0|   10|           3|           1|
    |icmp_ln70_10_fu_2075_p2           |      icmp|   0|  0|   10|           3|           1|
    |icmp_ln70_110_fu_10033_p2         |      icmp|   0|  0|   10|           3|           1|
    |icmp_ln70_111_fu_10111_p2         |      icmp|   0|  0|   10|           3|           1|
    |icmp_ln70_112_fu_10189_p2         |      icmp|   0|  0|   10|           3|           1|
    |icmp_ln70_113_fu_10267_p2         |      icmp|   0|  0|   10|           3|           1|
    |icmp_ln70_114_fu_10345_p2         |      icmp|   0|  0|   10|           3|           1|
    |icmp_ln70_115_fu_10423_p2         |      icmp|   0|  0|   10|           3|           1|
    |icmp_ln70_116_fu_10501_p2         |      icmp|   0|  0|   10|           3|           1|
    |icmp_ln70_117_fu_10579_p2         |      icmp|   0|  0|   10|           3|           1|
    |icmp_ln70_118_fu_10657_p2         |      icmp|   0|  0|   10|           3|           1|
    |icmp_ln70_119_fu_10735_p2         |      icmp|   0|  0|   10|           3|           1|
    |icmp_ln70_11_fu_2153_p2           |      icmp|   0|  0|   10|           3|           1|
    |icmp_ln70_120_fu_10813_p2         |      icmp|   0|  0|   10|           3|           1|
    |icmp_ln70_121_fu_10891_p2         |      icmp|   0|  0|   10|           3|           1|
    |icmp_ln70_122_fu_10969_p2         |      icmp|   0|  0|   10|           3|           1|
    |icmp_ln70_123_fu_11047_p2         |      icmp|   0|  0|   10|           3|           1|
    |icmp_ln70_124_fu_11125_p2         |      icmp|   0|  0|   10|           3|           1|
    |icmp_ln70_125_fu_11203_p2         |      icmp|   0|  0|   10|           3|           1|
    |icmp_ln70_126_fu_11281_p2         |      icmp|   0|  0|   10|           3|           1|
    |icmp_ln70_127_fu_11359_p2         |      icmp|   0|  0|   10|           3|           1|
    |icmp_ln70_12_fu_2231_p2           |      icmp|   0|  0|   10|           3|           1|
    |icmp_ln70_13_fu_2309_p2           |      icmp|   0|  0|   10|           3|           1|
    |icmp_ln70_14_fu_2387_p2           |      icmp|   0|  0|   10|           3|           1|
    |icmp_ln70_15_fu_2465_p2           |      icmp|   0|  0|   10|           3|           1|
    |icmp_ln70_16_fu_2543_p2           |      icmp|   0|  0|   10|           3|           1|
    |icmp_ln70_17_fu_2621_p2           |      icmp|   0|  0|   10|           3|           1|
    |icmp_ln70_18_fu_2699_p2           |      icmp|   0|  0|   10|           3|           1|
    |icmp_ln70_19_fu_2777_p2           |      icmp|   0|  0|   10|           3|           1|
    |icmp_ln70_1_fu_1373_p2            |      icmp|   0|  0|   10|           3|           1|
    |icmp_ln70_20_fu_2855_p2           |      icmp|   0|  0|   10|           3|           1|
    |icmp_ln70_21_fu_2933_p2           |      icmp|   0|  0|   10|           3|           1|
    |icmp_ln70_22_fu_3011_p2           |      icmp|   0|  0|   10|           3|           1|
    |icmp_ln70_23_fu_3089_p2           |      icmp|   0|  0|   10|           3|           1|
    |icmp_ln70_24_fu_3167_p2           |      icmp|   0|  0|   10|           3|           1|
    |icmp_ln70_25_fu_3245_p2           |      icmp|   0|  0|   10|           3|           1|
    |icmp_ln70_26_fu_3323_p2           |      icmp|   0|  0|   10|           3|           1|
    |icmp_ln70_27_fu_3401_p2           |      icmp|   0|  0|   10|           3|           1|
    |icmp_ln70_28_fu_3479_p2           |      icmp|   0|  0|   10|           3|           1|
    |icmp_ln70_29_fu_3557_p2           |      icmp|   0|  0|   10|           3|           1|
    |icmp_ln70_2_fu_1451_p2            |      icmp|   0|  0|   10|           3|           1|
    |icmp_ln70_30_fu_3635_p2           |      icmp|   0|  0|   10|           3|           1|
    |icmp_ln70_31_fu_3713_p2           |      icmp|   0|  0|   10|           3|           1|
    |icmp_ln70_32_fu_3791_p2           |      icmp|   0|  0|   10|           3|           1|
    |icmp_ln70_33_fu_3869_p2           |      icmp|   0|  0|   10|           3|           1|
    |icmp_ln70_34_fu_3947_p2           |      icmp|   0|  0|   10|           3|           1|
    |icmp_ln70_35_fu_4025_p2           |      icmp|   0|  0|   10|           3|           1|
    |icmp_ln70_36_fu_4103_p2           |      icmp|   0|  0|   10|           3|           1|
    |icmp_ln70_37_fu_4181_p2           |      icmp|   0|  0|   10|           3|           1|
    |icmp_ln70_38_fu_4259_p2           |      icmp|   0|  0|   10|           3|           1|
    |icmp_ln70_39_fu_4337_p2           |      icmp|   0|  0|   10|           3|           1|
    |icmp_ln70_3_fu_1529_p2            |      icmp|   0|  0|   10|           3|           1|
    |icmp_ln70_40_fu_4415_p2           |      icmp|   0|  0|   10|           3|           1|
    |icmp_ln70_41_fu_4493_p2           |      icmp|   0|  0|   10|           3|           1|
    |icmp_ln70_42_fu_4571_p2           |      icmp|   0|  0|   10|           3|           1|
    |icmp_ln70_43_fu_4649_p2           |      icmp|   0|  0|   10|           3|           1|
    |icmp_ln70_44_fu_4727_p2           |      icmp|   0|  0|   10|           3|           1|
    |icmp_ln70_45_fu_4805_p2           |      icmp|   0|  0|   10|           3|           1|
    |icmp_ln70_46_fu_4883_p2           |      icmp|   0|  0|   10|           3|           1|
    |icmp_ln70_47_fu_4961_p2           |      icmp|   0|  0|   10|           3|           1|
    |icmp_ln70_48_fu_5039_p2           |      icmp|   0|  0|   10|           3|           1|
    |icmp_ln70_49_fu_5117_p2           |      icmp|   0|  0|   10|           3|           1|
    |icmp_ln70_4_fu_1607_p2            |      icmp|   0|  0|   10|           3|           1|
    |icmp_ln70_50_fu_5195_p2           |      icmp|   0|  0|   10|           3|           1|
    |icmp_ln70_51_fu_5273_p2           |      icmp|   0|  0|   10|           3|           1|
    |icmp_ln70_52_fu_5351_p2           |      icmp|   0|  0|   10|           3|           1|
    |icmp_ln70_53_fu_5429_p2           |      icmp|   0|  0|   10|           3|           1|
    |icmp_ln70_54_fu_5507_p2           |      icmp|   0|  0|   10|           3|           1|
    |icmp_ln70_55_fu_5585_p2           |      icmp|   0|  0|   10|           3|           1|
    |icmp_ln70_56_fu_5663_p2           |      icmp|   0|  0|   10|           3|           1|
    |icmp_ln70_57_fu_5741_p2           |      icmp|   0|  0|   10|           3|           1|
    |icmp_ln70_58_fu_5819_p2           |      icmp|   0|  0|   10|           3|           1|
    |icmp_ln70_59_fu_5897_p2           |      icmp|   0|  0|   10|           3|           1|
    |icmp_ln70_5_fu_1685_p2            |      icmp|   0|  0|   10|           3|           1|
    |icmp_ln70_60_fu_5975_p2           |      icmp|   0|  0|   10|           3|           1|
    |icmp_ln70_61_fu_6053_p2           |      icmp|   0|  0|   10|           3|           1|
    |icmp_ln70_62_fu_6131_p2           |      icmp|   0|  0|   10|           3|           1|
    |icmp_ln70_63_fu_6209_p2           |      icmp|   0|  0|   10|           3|           1|
    |icmp_ln70_64_fu_6445_p2           |      icmp|   0|  0|   10|           3|           1|
    |icmp_ln70_65_fu_6523_p2           |      icmp|   0|  0|   10|           3|           1|
    |icmp_ln70_66_fu_6601_p2           |      icmp|   0|  0|   10|           3|           1|
    |icmp_ln70_67_fu_6679_p2           |      icmp|   0|  0|   10|           3|           1|
    |icmp_ln70_68_fu_6757_p2           |      icmp|   0|  0|   10|           3|           1|
    |icmp_ln70_69_fu_6835_p2           |      icmp|   0|  0|   10|           3|           1|
    |icmp_ln70_6_fu_1763_p2            |      icmp|   0|  0|   10|           3|           1|
    |icmp_ln70_70_fu_6913_p2           |      icmp|   0|  0|   10|           3|           1|
    |icmp_ln70_71_fu_6991_p2           |      icmp|   0|  0|   10|           3|           1|
    |icmp_ln70_72_fu_7069_p2           |      icmp|   0|  0|   10|           3|           1|
    |icmp_ln70_73_fu_7147_p2           |      icmp|   0|  0|   10|           3|           1|
    |icmp_ln70_74_fu_7225_p2           |      icmp|   0|  0|   10|           3|           1|
    |icmp_ln70_75_fu_7303_p2           |      icmp|   0|  0|   10|           3|           1|
    |icmp_ln70_76_fu_7381_p2           |      icmp|   0|  0|   10|           3|           1|
    |icmp_ln70_77_fu_7459_p2           |      icmp|   0|  0|   10|           3|           1|
    |icmp_ln70_78_fu_7537_p2           |      icmp|   0|  0|   10|           3|           1|
    |icmp_ln70_79_fu_7615_p2           |      icmp|   0|  0|   10|           3|           1|
    |icmp_ln70_7_fu_1841_p2            |      icmp|   0|  0|   10|           3|           1|
    |icmp_ln70_80_fu_7693_p2           |      icmp|   0|  0|   10|           3|           1|
    |icmp_ln70_81_fu_7771_p2           |      icmp|   0|  0|   10|           3|           1|
    |icmp_ln70_82_fu_7849_p2           |      icmp|   0|  0|   10|           3|           1|
    |icmp_ln70_83_fu_7927_p2           |      icmp|   0|  0|   10|           3|           1|
    |icmp_ln70_84_fu_8005_p2           |      icmp|   0|  0|   10|           3|           1|
    |icmp_ln70_85_fu_8083_p2           |      icmp|   0|  0|   10|           3|           1|
    |icmp_ln70_86_fu_8161_p2           |      icmp|   0|  0|   10|           3|           1|
    |icmp_ln70_87_fu_8239_p2           |      icmp|   0|  0|   10|           3|           1|
    |icmp_ln70_88_fu_8317_p2           |      icmp|   0|  0|   10|           3|           1|
    |icmp_ln70_89_fu_8395_p2           |      icmp|   0|  0|   10|           3|           1|
    |icmp_ln70_8_fu_1919_p2            |      icmp|   0|  0|   10|           3|           1|
    |icmp_ln70_90_fu_8473_p2           |      icmp|   0|  0|   10|           3|           1|
    |icmp_ln70_91_fu_8551_p2           |      icmp|   0|  0|   10|           3|           1|
    |icmp_ln70_92_fu_8629_p2           |      icmp|   0|  0|   10|           3|           1|
    |icmp_ln70_93_fu_8707_p2           |      icmp|   0|  0|   10|           3|           1|
    |icmp_ln70_94_fu_8785_p2           |      icmp|   0|  0|   10|           3|           1|
    |icmp_ln70_95_fu_8863_p2           |      icmp|   0|  0|   10|           3|           1|
    |icmp_ln70_96_fu_8941_p2           |      icmp|   0|  0|   10|           3|           1|
    |icmp_ln70_97_fu_9019_p2           |      icmp|   0|  0|   10|           3|           1|
    |icmp_ln70_98_fu_9097_p2           |      icmp|   0|  0|   10|           3|           1|
    |icmp_ln70_99_fu_9175_p2           |      icmp|   0|  0|   10|           3|           1|
    |icmp_ln70_9_fu_1997_p2            |      icmp|   0|  0|   10|           3|           1|
    |icmp_ln70_fu_1295_p2              |      icmp|   0|  0|   10|           3|           1|
    |icmp_ln71_100_fu_9259_p2          |      icmp|   0|  0|   15|           8|           7|
    |icmp_ln71_101_fu_9337_p2          |      icmp|   0|  0|   15|           8|           7|
    |icmp_ln71_102_fu_9415_p2          |      icmp|   0|  0|   15|           8|           7|
    |icmp_ln71_103_fu_9493_p2          |      icmp|   0|  0|   15|           8|           7|
    |icmp_ln71_104_fu_9571_p2          |      icmp|   0|  0|   15|           8|           7|
    |icmp_ln71_105_fu_9649_p2          |      icmp|   0|  0|   15|           8|           7|
    |icmp_ln71_106_fu_9727_p2          |      icmp|   0|  0|   15|           8|           7|
    |icmp_ln71_107_fu_9805_p2          |      icmp|   0|  0|   15|           8|           7|
    |icmp_ln71_108_fu_9883_p2          |      icmp|   0|  0|   15|           8|           7|
    |icmp_ln71_109_fu_9961_p2          |      icmp|   0|  0|   15|           8|           7|
    |icmp_ln71_10_fu_2081_p2           |      icmp|   0|  0|   15|           8|           7|
    |icmp_ln71_110_fu_10039_p2         |      icmp|   0|  0|   15|           8|           7|
    |icmp_ln71_111_fu_10117_p2         |      icmp|   0|  0|   15|           8|           7|
    |icmp_ln71_112_fu_10195_p2         |      icmp|   0|  0|   15|           8|           7|
    |icmp_ln71_113_fu_10273_p2         |      icmp|   0|  0|   15|           8|           7|
    |icmp_ln71_114_fu_10351_p2         |      icmp|   0|  0|   15|           8|           7|
    |icmp_ln71_115_fu_10429_p2         |      icmp|   0|  0|   15|           8|           7|
    |icmp_ln71_116_fu_10507_p2         |      icmp|   0|  0|   15|           8|           7|
    |icmp_ln71_117_fu_10585_p2         |      icmp|   0|  0|   15|           8|           7|
    |icmp_ln71_118_fu_10663_p2         |      icmp|   0|  0|   15|           8|           7|
    |icmp_ln71_119_fu_10741_p2         |      icmp|   0|  0|   15|           8|           7|
    |icmp_ln71_11_fu_2159_p2           |      icmp|   0|  0|   15|           8|           7|
    |icmp_ln71_120_fu_10819_p2         |      icmp|   0|  0|   15|           8|           7|
    |icmp_ln71_121_fu_10897_p2         |      icmp|   0|  0|   15|           8|           7|
    |icmp_ln71_122_fu_10975_p2         |      icmp|   0|  0|   15|           8|           7|
    |icmp_ln71_123_fu_11053_p2         |      icmp|   0|  0|   15|           8|           7|
    |icmp_ln71_124_fu_11131_p2         |      icmp|   0|  0|   15|           8|           7|
    |icmp_ln71_125_fu_11209_p2         |      icmp|   0|  0|   15|           8|           7|
    |icmp_ln71_126_fu_11287_p2         |      icmp|   0|  0|   15|           8|           7|
    |icmp_ln71_127_fu_11365_p2         |      icmp|   0|  0|   15|           8|           7|
    |icmp_ln71_12_fu_2237_p2           |      icmp|   0|  0|   15|           8|           7|
    |icmp_ln71_13_fu_2315_p2           |      icmp|   0|  0|   15|           8|           7|
    |icmp_ln71_14_fu_2393_p2           |      icmp|   0|  0|   15|           8|           7|
    |icmp_ln71_15_fu_2471_p2           |      icmp|   0|  0|   15|           8|           7|
    |icmp_ln71_16_fu_2549_p2           |      icmp|   0|  0|   15|           8|           7|
    |icmp_ln71_17_fu_2627_p2           |      icmp|   0|  0|   15|           8|           7|
    |icmp_ln71_18_fu_2705_p2           |      icmp|   0|  0|   15|           8|           7|
    |icmp_ln71_19_fu_2783_p2           |      icmp|   0|  0|   15|           8|           7|
    |icmp_ln71_1_fu_1379_p2            |      icmp|   0|  0|   15|           8|           7|
    |icmp_ln71_20_fu_2861_p2           |      icmp|   0|  0|   15|           8|           7|
    |icmp_ln71_21_fu_2939_p2           |      icmp|   0|  0|   15|           8|           7|
    |icmp_ln71_22_fu_3017_p2           |      icmp|   0|  0|   15|           8|           7|
    |icmp_ln71_23_fu_3095_p2           |      icmp|   0|  0|   15|           8|           7|
    |icmp_ln71_24_fu_3173_p2           |      icmp|   0|  0|   15|           8|           7|
    |icmp_ln71_25_fu_3251_p2           |      icmp|   0|  0|   15|           8|           7|
    |icmp_ln71_26_fu_3329_p2           |      icmp|   0|  0|   15|           8|           7|
    |icmp_ln71_27_fu_3407_p2           |      icmp|   0|  0|   15|           8|           7|
    |icmp_ln71_28_fu_3485_p2           |      icmp|   0|  0|   15|           8|           7|
    |icmp_ln71_29_fu_3563_p2           |      icmp|   0|  0|   15|           8|           7|
    |icmp_ln71_2_fu_1457_p2            |      icmp|   0|  0|   15|           8|           7|
    |icmp_ln71_30_fu_3641_p2           |      icmp|   0|  0|   15|           8|           7|
    |icmp_ln71_31_fu_3719_p2           |      icmp|   0|  0|   15|           8|           7|
    |icmp_ln71_32_fu_3797_p2           |      icmp|   0|  0|   15|           8|           7|
    |icmp_ln71_33_fu_3875_p2           |      icmp|   0|  0|   15|           8|           7|
    |icmp_ln71_34_fu_3953_p2           |      icmp|   0|  0|   15|           8|           7|
    |icmp_ln71_35_fu_4031_p2           |      icmp|   0|  0|   15|           8|           7|
    |icmp_ln71_36_fu_4109_p2           |      icmp|   0|  0|   15|           8|           7|
    |icmp_ln71_37_fu_4187_p2           |      icmp|   0|  0|   15|           8|           7|
    |icmp_ln71_38_fu_4265_p2           |      icmp|   0|  0|   15|           8|           7|
    |icmp_ln71_39_fu_4343_p2           |      icmp|   0|  0|   15|           8|           7|
    |icmp_ln71_3_fu_1535_p2            |      icmp|   0|  0|   15|           8|           7|
    |icmp_ln71_40_fu_4421_p2           |      icmp|   0|  0|   15|           8|           7|
    |icmp_ln71_41_fu_4499_p2           |      icmp|   0|  0|   15|           8|           7|
    |icmp_ln71_42_fu_4577_p2           |      icmp|   0|  0|   15|           8|           7|
    |icmp_ln71_43_fu_4655_p2           |      icmp|   0|  0|   15|           8|           7|
    |icmp_ln71_44_fu_4733_p2           |      icmp|   0|  0|   15|           8|           7|
    |icmp_ln71_45_fu_4811_p2           |      icmp|   0|  0|   15|           8|           7|
    |icmp_ln71_46_fu_4889_p2           |      icmp|   0|  0|   15|           8|           7|
    |icmp_ln71_47_fu_4967_p2           |      icmp|   0|  0|   15|           8|           7|
    |icmp_ln71_48_fu_5045_p2           |      icmp|   0|  0|   15|           8|           7|
    |icmp_ln71_49_fu_5123_p2           |      icmp|   0|  0|   15|           8|           7|
    |icmp_ln71_4_fu_1613_p2            |      icmp|   0|  0|   15|           8|           7|
    |icmp_ln71_50_fu_5201_p2           |      icmp|   0|  0|   15|           8|           7|
    |icmp_ln71_51_fu_5279_p2           |      icmp|   0|  0|   15|           8|           7|
    |icmp_ln71_52_fu_5357_p2           |      icmp|   0|  0|   15|           8|           7|
    |icmp_ln71_53_fu_5435_p2           |      icmp|   0|  0|   15|           8|           7|
    |icmp_ln71_54_fu_5513_p2           |      icmp|   0|  0|   15|           8|           7|
    |icmp_ln71_55_fu_5591_p2           |      icmp|   0|  0|   15|           8|           7|
    |icmp_ln71_56_fu_5669_p2           |      icmp|   0|  0|   15|           8|           7|
    |icmp_ln71_57_fu_5747_p2           |      icmp|   0|  0|   15|           8|           7|
    |icmp_ln71_58_fu_5825_p2           |      icmp|   0|  0|   15|           8|           7|
    |icmp_ln71_59_fu_5903_p2           |      icmp|   0|  0|   15|           8|           7|
    |icmp_ln71_5_fu_1691_p2            |      icmp|   0|  0|   15|           8|           7|
    |icmp_ln71_60_fu_5981_p2           |      icmp|   0|  0|   15|           8|           7|
    |icmp_ln71_61_fu_6059_p2           |      icmp|   0|  0|   15|           8|           7|
    |icmp_ln71_62_fu_6137_p2           |      icmp|   0|  0|   15|           8|           7|
    |icmp_ln71_63_fu_6215_p2           |      icmp|   0|  0|   15|           8|           7|
    |icmp_ln71_64_fu_6451_p2           |      icmp|   0|  0|   15|           8|           7|
    |icmp_ln71_65_fu_6529_p2           |      icmp|   0|  0|   15|           8|           7|
    |icmp_ln71_66_fu_6607_p2           |      icmp|   0|  0|   15|           8|           7|
    |icmp_ln71_67_fu_6685_p2           |      icmp|   0|  0|   15|           8|           7|
    |icmp_ln71_68_fu_6763_p2           |      icmp|   0|  0|   15|           8|           7|
    |icmp_ln71_69_fu_6841_p2           |      icmp|   0|  0|   15|           8|           7|
    |icmp_ln71_6_fu_1769_p2            |      icmp|   0|  0|   15|           8|           7|
    |icmp_ln71_70_fu_6919_p2           |      icmp|   0|  0|   15|           8|           7|
    |icmp_ln71_71_fu_6997_p2           |      icmp|   0|  0|   15|           8|           7|
    |icmp_ln71_72_fu_7075_p2           |      icmp|   0|  0|   15|           8|           7|
    |icmp_ln71_73_fu_7153_p2           |      icmp|   0|  0|   15|           8|           7|
    |icmp_ln71_74_fu_7231_p2           |      icmp|   0|  0|   15|           8|           7|
    |icmp_ln71_75_fu_7309_p2           |      icmp|   0|  0|   15|           8|           7|
    |icmp_ln71_76_fu_7387_p2           |      icmp|   0|  0|   15|           8|           7|
    |icmp_ln71_77_fu_7465_p2           |      icmp|   0|  0|   15|           8|           7|
    |icmp_ln71_78_fu_7543_p2           |      icmp|   0|  0|   15|           8|           7|
    |icmp_ln71_79_fu_7621_p2           |      icmp|   0|  0|   15|           8|           7|
    |icmp_ln71_7_fu_1847_p2            |      icmp|   0|  0|   15|           8|           7|
    |icmp_ln71_80_fu_7699_p2           |      icmp|   0|  0|   15|           8|           7|
    |icmp_ln71_81_fu_7777_p2           |      icmp|   0|  0|   15|           8|           7|
    |icmp_ln71_82_fu_7855_p2           |      icmp|   0|  0|   15|           8|           7|
    |icmp_ln71_83_fu_7933_p2           |      icmp|   0|  0|   15|           8|           7|
    |icmp_ln71_84_fu_8011_p2           |      icmp|   0|  0|   15|           8|           7|
    |icmp_ln71_85_fu_8089_p2           |      icmp|   0|  0|   15|           8|           7|
    |icmp_ln71_86_fu_8167_p2           |      icmp|   0|  0|   15|           8|           7|
    |icmp_ln71_87_fu_8245_p2           |      icmp|   0|  0|   15|           8|           7|
    |icmp_ln71_88_fu_8323_p2           |      icmp|   0|  0|   15|           8|           7|
    |icmp_ln71_89_fu_8401_p2           |      icmp|   0|  0|   15|           8|           7|
    |icmp_ln71_8_fu_1925_p2            |      icmp|   0|  0|   15|           8|           7|
    |icmp_ln71_90_fu_8479_p2           |      icmp|   0|  0|   15|           8|           7|
    |icmp_ln71_91_fu_8557_p2           |      icmp|   0|  0|   15|           8|           7|
    |icmp_ln71_92_fu_8635_p2           |      icmp|   0|  0|   15|           8|           7|
    |icmp_ln71_93_fu_8713_p2           |      icmp|   0|  0|   15|           8|           7|
    |icmp_ln71_94_fu_8791_p2           |      icmp|   0|  0|   15|           8|           7|
    |icmp_ln71_95_fu_8869_p2           |      icmp|   0|  0|   15|           8|           7|
    |icmp_ln71_96_fu_8947_p2           |      icmp|   0|  0|   15|           8|           7|
    |icmp_ln71_97_fu_9025_p2           |      icmp|   0|  0|   15|           8|           7|
    |icmp_ln71_98_fu_9103_p2           |      icmp|   0|  0|   15|           8|           7|
    |icmp_ln71_99_fu_9181_p2           |      icmp|   0|  0|   15|           8|           7|
    |icmp_ln71_9_fu_2003_p2            |      icmp|   0|  0|   15|           8|           7|
    |icmp_ln71_fu_1301_p2              |      icmp|   0|  0|   15|           8|           7|
    |ap_block_pp0_stage0_01001         |        or|   0|  0|    2|           1|           1|
    |ap_block_pp0_stage1_01001_grp1    |        or|   0|  0|    2|           1|           1|
    |ap_block_state1_pp0_stage0_iter0  |        or|   0|  0|    2|           1|           1|
    |ap_block_state3_pp0_stage0_iter1  |        or|   0|  0|    2|           1|           1|
    |D_100_fu_9235_p3                  |    select|   0|  0|    8|           1|           8|
    |D_101_fu_9313_p3                  |    select|   0|  0|    8|           1|           8|
    |D_102_fu_9391_p3                  |    select|   0|  0|    8|           1|           8|
    |D_103_fu_9469_p3                  |    select|   0|  0|    8|           1|           8|
    |D_104_fu_9547_p3                  |    select|   0|  0|    8|           1|           8|
    |D_105_fu_9625_p3                  |    select|   0|  0|    8|           1|           8|
    |D_106_fu_9703_p3                  |    select|   0|  0|    8|           1|           8|
    |D_107_fu_9781_p3                  |    select|   0|  0|    8|           1|           8|
    |D_108_fu_9859_p3                  |    select|   0|  0|    8|           1|           8|
    |D_109_fu_9937_p3                  |    select|   0|  0|    8|           1|           8|
    |D_10_fu_2057_p3                   |    select|   0|  0|    8|           1|           8|
    |D_110_fu_10015_p3                 |    select|   0|  0|    8|           1|           8|
    |D_111_fu_10093_p3                 |    select|   0|  0|    8|           1|           8|
    |D_112_fu_10171_p3                 |    select|   0|  0|    8|           1|           8|
    |D_113_fu_10249_p3                 |    select|   0|  0|    8|           1|           8|
    |D_114_fu_10327_p3                 |    select|   0|  0|    8|           1|           8|
    |D_115_fu_10405_p3                 |    select|   0|  0|    8|           1|           8|
    |D_116_fu_10483_p3                 |    select|   0|  0|    8|           1|           8|
    |D_117_fu_10561_p3                 |    select|   0|  0|    8|           1|           8|
    |D_118_fu_10639_p3                 |    select|   0|  0|    8|           1|           8|
    |D_119_fu_10717_p3                 |    select|   0|  0|    8|           1|           8|
    |D_11_fu_2135_p3                   |    select|   0|  0|    8|           1|           8|
    |D_120_fu_10795_p3                 |    select|   0|  0|    8|           1|           8|
    |D_121_fu_10873_p3                 |    select|   0|  0|    8|           1|           8|
    |D_122_fu_10951_p3                 |    select|   0|  0|    8|           1|           8|
    |D_123_fu_11029_p3                 |    select|   0|  0|    8|           1|           8|
    |D_124_fu_11107_p3                 |    select|   0|  0|    8|           1|           8|
    |D_125_fu_11185_p3                 |    select|   0|  0|    8|           1|           8|
    |D_126_fu_11263_p3                 |    select|   0|  0|    8|           1|           8|
    |D_127_fu_11341_p3                 |    select|   0|  0|    8|           1|           8|
    |D_12_fu_2213_p3                   |    select|   0|  0|    8|           1|           8|
    |D_13_fu_2291_p3                   |    select|   0|  0|    8|           1|           8|
    |D_14_fu_2369_p3                   |    select|   0|  0|    8|           1|           8|
    |D_15_fu_2447_p3                   |    select|   0|  0|    8|           1|           8|
    |D_16_fu_2525_p3                   |    select|   0|  0|    8|           1|           8|
    |D_17_fu_2603_p3                   |    select|   0|  0|    8|           1|           8|
    |D_18_fu_2681_p3                   |    select|   0|  0|    8|           1|           8|
    |D_19_fu_2759_p3                   |    select|   0|  0|    8|           1|           8|
    |D_1_fu_1355_p3                    |    select|   0|  0|    8|           1|           8|
    |D_20_fu_2837_p3                   |    select|   0|  0|    8|           1|           8|
    |D_21_fu_2915_p3                   |    select|   0|  0|    8|           1|           8|
    |D_22_fu_2993_p3                   |    select|   0|  0|    8|           1|           8|
    |D_23_fu_3071_p3                   |    select|   0|  0|    8|           1|           8|
    |D_24_fu_3149_p3                   |    select|   0|  0|    8|           1|           8|
    |D_25_fu_3227_p3                   |    select|   0|  0|    8|           1|           8|
    |D_26_fu_3305_p3                   |    select|   0|  0|    8|           1|           8|
    |D_27_fu_3383_p3                   |    select|   0|  0|    8|           1|           8|
    |D_28_fu_3461_p3                   |    select|   0|  0|    8|           1|           8|
    |D_29_fu_3539_p3                   |    select|   0|  0|    8|           1|           8|
    |D_2_fu_1433_p3                    |    select|   0|  0|    8|           1|           8|
    |D_30_fu_3617_p3                   |    select|   0|  0|    8|           1|           8|
    |D_31_fu_3695_p3                   |    select|   0|  0|    8|           1|           8|
    |D_32_fu_3773_p3                   |    select|   0|  0|    8|           1|           8|
    |D_33_fu_3851_p3                   |    select|   0|  0|    8|           1|           8|
    |D_34_fu_3929_p3                   |    select|   0|  0|    8|           1|           8|
    |D_35_fu_4007_p3                   |    select|   0|  0|    8|           1|           8|
    |D_36_fu_4085_p3                   |    select|   0|  0|    8|           1|           8|
    |D_37_fu_4163_p3                   |    select|   0|  0|    8|           1|           8|
    |D_38_fu_4241_p3                   |    select|   0|  0|    8|           1|           8|
    |D_39_fu_4319_p3                   |    select|   0|  0|    8|           1|           8|
    |D_3_fu_1511_p3                    |    select|   0|  0|    8|           1|           8|
    |D_40_fu_4397_p3                   |    select|   0|  0|    8|           1|           8|
    |D_41_fu_4475_p3                   |    select|   0|  0|    8|           1|           8|
    |D_42_fu_4553_p3                   |    select|   0|  0|    8|           1|           8|
    |D_43_fu_4631_p3                   |    select|   0|  0|    8|           1|           8|
    |D_44_fu_4709_p3                   |    select|   0|  0|    8|           1|           8|
    |D_45_fu_4787_p3                   |    select|   0|  0|    8|           1|           8|
    |D_46_fu_4865_p3                   |    select|   0|  0|    8|           1|           8|
    |D_47_fu_4943_p3                   |    select|   0|  0|    8|           1|           8|
    |D_48_fu_5021_p3                   |    select|   0|  0|    8|           1|           8|
    |D_49_fu_5099_p3                   |    select|   0|  0|    8|           1|           8|
    |D_4_fu_1589_p3                    |    select|   0|  0|    8|           1|           8|
    |D_50_fu_5177_p3                   |    select|   0|  0|    8|           1|           8|
    |D_51_fu_5255_p3                   |    select|   0|  0|    8|           1|           8|
    |D_52_fu_5333_p3                   |    select|   0|  0|    8|           1|           8|
    |D_53_fu_5411_p3                   |    select|   0|  0|    8|           1|           8|
    |D_54_fu_5489_p3                   |    select|   0|  0|    8|           1|           8|
    |D_55_fu_5567_p3                   |    select|   0|  0|    8|           1|           8|
    |D_56_fu_5645_p3                   |    select|   0|  0|    8|           1|           8|
    |D_57_fu_5723_p3                   |    select|   0|  0|    8|           1|           8|
    |D_58_fu_5801_p3                   |    select|   0|  0|    8|           1|           8|
    |D_59_fu_5879_p3                   |    select|   0|  0|    8|           1|           8|
    |D_5_fu_1667_p3                    |    select|   0|  0|    8|           1|           8|
    |D_60_fu_5957_p3                   |    select|   0|  0|    8|           1|           8|
    |D_61_fu_6035_p3                   |    select|   0|  0|    8|           1|           8|
    |D_62_fu_6113_p3                   |    select|   0|  0|    8|           1|           8|
    |D_63_fu_6191_p3                   |    select|   0|  0|    8|           1|           8|
    |D_64_fu_6427_p3                   |    select|   0|  0|    8|           1|           8|
    |D_65_fu_6505_p3                   |    select|   0|  0|    8|           1|           8|
    |D_66_fu_6583_p3                   |    select|   0|  0|    8|           1|           8|
    |D_67_fu_6661_p3                   |    select|   0|  0|    8|           1|           8|
    |D_68_fu_6739_p3                   |    select|   0|  0|    8|           1|           8|
    |D_69_fu_6817_p3                   |    select|   0|  0|    8|           1|           8|
    |D_6_fu_1745_p3                    |    select|   0|  0|    8|           1|           8|
    |D_70_fu_6895_p3                   |    select|   0|  0|    8|           1|           8|
    |D_71_fu_6973_p3                   |    select|   0|  0|    8|           1|           8|
    |D_72_fu_7051_p3                   |    select|   0|  0|    8|           1|           8|
    |D_73_fu_7129_p3                   |    select|   0|  0|    8|           1|           8|
    |D_74_fu_7207_p3                   |    select|   0|  0|    8|           1|           8|
    |D_75_fu_7285_p3                   |    select|   0|  0|    8|           1|           8|
    |D_76_fu_7363_p3                   |    select|   0|  0|    8|           1|           8|
    |D_77_fu_7441_p3                   |    select|   0|  0|    8|           1|           8|
    |D_78_fu_7519_p3                   |    select|   0|  0|    8|           1|           8|
    |D_79_fu_7597_p3                   |    select|   0|  0|    8|           1|           8|
    |D_7_fu_1823_p3                    |    select|   0|  0|    8|           1|           8|
    |D_80_fu_7675_p3                   |    select|   0|  0|    8|           1|           8|
    |D_81_fu_7753_p3                   |    select|   0|  0|    8|           1|           8|
    |D_82_fu_7831_p3                   |    select|   0|  0|    8|           1|           8|
    |D_83_fu_7909_p3                   |    select|   0|  0|    8|           1|           8|
    |D_84_fu_7987_p3                   |    select|   0|  0|    8|           1|           8|
    |D_85_fu_8065_p3                   |    select|   0|  0|    8|           1|           8|
    |D_86_fu_8143_p3                   |    select|   0|  0|    8|           1|           8|
    |D_87_fu_8221_p3                   |    select|   0|  0|    8|           1|           8|
    |D_88_fu_8299_p3                   |    select|   0|  0|    8|           1|           8|
    |D_89_fu_8377_p3                   |    select|   0|  0|    8|           1|           8|
    |D_8_fu_1901_p3                    |    select|   0|  0|    8|           1|           8|
    |D_90_fu_8455_p3                   |    select|   0|  0|    8|           1|           8|
    |D_91_fu_8533_p3                   |    select|   0|  0|    8|           1|           8|
    |D_92_fu_8611_p3                   |    select|   0|  0|    8|           1|           8|
    |D_93_fu_8689_p3                   |    select|   0|  0|    8|           1|           8|
    |D_94_fu_8767_p3                   |    select|   0|  0|    8|           1|           8|
    |D_95_fu_8845_p3                   |    select|   0|  0|    8|           1|           8|
    |D_96_fu_8923_p3                   |    select|   0|  0|    8|           1|           8|
    |D_97_fu_9001_p3                   |    select|   0|  0|    8|           1|           8|
    |D_98_fu_9079_p3                   |    select|   0|  0|    8|           1|           8|
    |D_99_fu_9157_p3                   |    select|   0|  0|    8|           1|           8|
    |D_9_fu_1979_p3                    |    select|   0|  0|    8|           1|           8|
    |D_fu_1277_p3                      |    select|   0|  0|    8|           1|           8|
    |select_ln70_100_fu_9273_p3        |    select|   0|  0|    8|           1|           8|
    |select_ln70_101_fu_9351_p3        |    select|   0|  0|    8|           1|           8|
    |select_ln70_102_fu_9429_p3        |    select|   0|  0|    8|           1|           8|
    |select_ln70_103_fu_9507_p3        |    select|   0|  0|    8|           1|           8|
    |select_ln70_104_fu_9585_p3        |    select|   0|  0|    8|           1|           8|
    |select_ln70_105_fu_9663_p3        |    select|   0|  0|    8|           1|           8|
    |select_ln70_106_fu_9741_p3        |    select|   0|  0|    8|           1|           8|
    |select_ln70_107_fu_9819_p3        |    select|   0|  0|    8|           1|           8|
    |select_ln70_108_fu_9897_p3        |    select|   0|  0|    8|           1|           8|
    |select_ln70_109_fu_9975_p3        |    select|   0|  0|    8|           1|           8|
    |select_ln70_10_fu_2095_p3         |    select|   0|  0|    8|           1|           8|
    |select_ln70_110_fu_10053_p3       |    select|   0|  0|    8|           1|           8|
    |select_ln70_111_fu_10131_p3       |    select|   0|  0|    8|           1|           8|
    |select_ln70_112_fu_10209_p3       |    select|   0|  0|    8|           1|           8|
    |select_ln70_113_fu_10287_p3       |    select|   0|  0|    8|           1|           8|
    |select_ln70_114_fu_10365_p3       |    select|   0|  0|    8|           1|           8|
    |select_ln70_115_fu_10443_p3       |    select|   0|  0|    8|           1|           8|
    |select_ln70_116_fu_10521_p3       |    select|   0|  0|    8|           1|           8|
    |select_ln70_117_fu_10599_p3       |    select|   0|  0|    8|           1|           8|
    |select_ln70_118_fu_10677_p3       |    select|   0|  0|    8|           1|           8|
    |select_ln70_119_fu_10755_p3       |    select|   0|  0|    8|           1|           8|
    |select_ln70_11_fu_2173_p3         |    select|   0|  0|    8|           1|           8|
    |select_ln70_120_fu_10833_p3       |    select|   0|  0|    8|           1|           8|
    |select_ln70_121_fu_10911_p3       |    select|   0|  0|    8|           1|           8|
    |select_ln70_122_fu_10989_p3       |    select|   0|  0|    8|           1|           8|
    |select_ln70_123_fu_11067_p3       |    select|   0|  0|    8|           1|           8|
    |select_ln70_124_fu_11145_p3       |    select|   0|  0|    8|           1|           8|
    |select_ln70_125_fu_11223_p3       |    select|   0|  0|    8|           1|           8|
    |select_ln70_126_fu_11301_p3       |    select|   0|  0|    8|           1|           8|
    |select_ln70_127_fu_11379_p3       |    select|   0|  0|    8|           1|           8|
    |select_ln70_128_fu_1307_p3        |    select|   0|  0|    9|           1|           1|
    |select_ln70_129_fu_1385_p3        |    select|   0|  0|    9|           1|           1|
    |select_ln70_12_fu_2251_p3         |    select|   0|  0|    8|           1|           8|
    |select_ln70_130_fu_1463_p3        |    select|   0|  0|    9|           1|           1|
    |select_ln70_131_fu_1541_p3        |    select|   0|  0|    9|           1|           1|
    |select_ln70_132_fu_1619_p3        |    select|   0|  0|    9|           1|           1|
    |select_ln70_133_fu_1697_p3        |    select|   0|  0|    9|           1|           1|
    |select_ln70_134_fu_1775_p3        |    select|   0|  0|    9|           1|           1|
    |select_ln70_135_fu_1853_p3        |    select|   0|  0|    9|           1|           1|
    |select_ln70_136_fu_1931_p3        |    select|   0|  0|    9|           1|           1|
    |select_ln70_137_fu_2009_p3        |    select|   0|  0|    9|           1|           1|
    |select_ln70_138_fu_2087_p3        |    select|   0|  0|    9|           1|           1|
    |select_ln70_139_fu_2165_p3        |    select|   0|  0|    9|           1|           1|
    |select_ln70_13_fu_2329_p3         |    select|   0|  0|    8|           1|           8|
    |select_ln70_140_fu_2243_p3        |    select|   0|  0|    9|           1|           1|
    |select_ln70_141_fu_2321_p3        |    select|   0|  0|    9|           1|           1|
    |select_ln70_142_fu_2399_p3        |    select|   0|  0|    9|           1|           1|
    |select_ln70_143_fu_2477_p3        |    select|   0|  0|    9|           1|           1|
    |select_ln70_144_fu_2555_p3        |    select|   0|  0|    9|           1|           1|
    |select_ln70_145_fu_2633_p3        |    select|   0|  0|    9|           1|           1|
    |select_ln70_146_fu_2711_p3        |    select|   0|  0|    9|           1|           1|
    |select_ln70_147_fu_2789_p3        |    select|   0|  0|    9|           1|           1|
    |select_ln70_148_fu_2867_p3        |    select|   0|  0|    9|           1|           1|
    |select_ln70_149_fu_2945_p3        |    select|   0|  0|    9|           1|           1|
    |select_ln70_14_fu_2407_p3         |    select|   0|  0|    8|           1|           8|
    |select_ln70_150_fu_3023_p3        |    select|   0|  0|    9|           1|           1|
    |select_ln70_151_fu_3101_p3        |    select|   0|  0|    9|           1|           1|
    |select_ln70_152_fu_3179_p3        |    select|   0|  0|    9|           1|           1|
    |select_ln70_153_fu_3257_p3        |    select|   0|  0|    9|           1|           1|
    |select_ln70_154_fu_3335_p3        |    select|   0|  0|    9|           1|           1|
    |select_ln70_155_fu_3413_p3        |    select|   0|  0|    9|           1|           1|
    |select_ln70_156_fu_3491_p3        |    select|   0|  0|    9|           1|           1|
    |select_ln70_157_fu_3569_p3        |    select|   0|  0|    9|           1|           1|
    |select_ln70_158_fu_3647_p3        |    select|   0|  0|    9|           1|           1|
    |select_ln70_159_fu_3725_p3        |    select|   0|  0|    9|           1|           1|
    |select_ln70_15_fu_2485_p3         |    select|   0|  0|    8|           1|           8|
    |select_ln70_160_fu_3803_p3        |    select|   0|  0|    9|           1|           1|
    |select_ln70_161_fu_3881_p3        |    select|   0|  0|    9|           1|           1|
    |select_ln70_162_fu_3959_p3        |    select|   0|  0|    9|           1|           1|
    |select_ln70_163_fu_4037_p3        |    select|   0|  0|    9|           1|           1|
    |select_ln70_164_fu_4115_p3        |    select|   0|  0|    9|           1|           1|
    |select_ln70_165_fu_4193_p3        |    select|   0|  0|    9|           1|           1|
    |select_ln70_166_fu_4271_p3        |    select|   0|  0|    9|           1|           1|
    |select_ln70_167_fu_4349_p3        |    select|   0|  0|    9|           1|           1|
    |select_ln70_168_fu_4427_p3        |    select|   0|  0|    9|           1|           1|
    |select_ln70_169_fu_4505_p3        |    select|   0|  0|    9|           1|           1|
    |select_ln70_16_fu_2563_p3         |    select|   0|  0|    8|           1|           8|
    |select_ln70_170_fu_4583_p3        |    select|   0|  0|    9|           1|           1|
    |select_ln70_171_fu_4661_p3        |    select|   0|  0|    9|           1|           1|
    |select_ln70_172_fu_4739_p3        |    select|   0|  0|    9|           1|           1|
    |select_ln70_173_fu_4817_p3        |    select|   0|  0|    9|           1|           1|
    |select_ln70_174_fu_4895_p3        |    select|   0|  0|    9|           1|           1|
    |select_ln70_175_fu_4973_p3        |    select|   0|  0|    9|           1|           1|
    |select_ln70_176_fu_5051_p3        |    select|   0|  0|    9|           1|           1|
    |select_ln70_177_fu_5129_p3        |    select|   0|  0|    9|           1|           1|
    |select_ln70_178_fu_5207_p3        |    select|   0|  0|    9|           1|           1|
    |select_ln70_179_fu_5285_p3        |    select|   0|  0|    9|           1|           1|
    |select_ln70_17_fu_2641_p3         |    select|   0|  0|    8|           1|           8|
    |select_ln70_180_fu_5363_p3        |    select|   0|  0|    9|           1|           1|
    |select_ln70_181_fu_5441_p3        |    select|   0|  0|    9|           1|           1|
    |select_ln70_182_fu_5519_p3        |    select|   0|  0|    9|           1|           1|
    |select_ln70_183_fu_5597_p3        |    select|   0|  0|    9|           1|           1|
    |select_ln70_184_fu_5675_p3        |    select|   0|  0|    9|           1|           1|
    |select_ln70_185_fu_5753_p3        |    select|   0|  0|    9|           1|           1|
    |select_ln70_186_fu_5831_p3        |    select|   0|  0|    9|           1|           1|
    |select_ln70_187_fu_5909_p3        |    select|   0|  0|    9|           1|           1|
    |select_ln70_188_fu_5987_p3        |    select|   0|  0|    9|           1|           1|
    |select_ln70_189_fu_6065_p3        |    select|   0|  0|    9|           1|           1|
    |select_ln70_18_fu_2719_p3         |    select|   0|  0|    8|           1|           8|
    |select_ln70_190_fu_6143_p3        |    select|   0|  0|    9|           1|           1|
    |select_ln70_191_fu_6221_p3        |    select|   0|  0|    9|           1|           1|
    |select_ln70_192_fu_6457_p3        |    select|   0|  0|    9|           1|           1|
    |select_ln70_193_fu_6535_p3        |    select|   0|  0|    9|           1|           1|
    |select_ln70_194_fu_6613_p3        |    select|   0|  0|    9|           1|           1|
    |select_ln70_195_fu_6691_p3        |    select|   0|  0|    9|           1|           1|
    |select_ln70_196_fu_6769_p3        |    select|   0|  0|    9|           1|           1|
    |select_ln70_197_fu_6847_p3        |    select|   0|  0|    9|           1|           1|
    |select_ln70_198_fu_6925_p3        |    select|   0|  0|    9|           1|           1|
    |select_ln70_199_fu_7003_p3        |    select|   0|  0|    9|           1|           1|
    |select_ln70_19_fu_2797_p3         |    select|   0|  0|    8|           1|           8|
    |select_ln70_1_fu_1393_p3          |    select|   0|  0|    8|           1|           8|
    |select_ln70_200_fu_7081_p3        |    select|   0|  0|    9|           1|           1|
    |select_ln70_201_fu_7159_p3        |    select|   0|  0|    9|           1|           1|
    |select_ln70_202_fu_7237_p3        |    select|   0|  0|    9|           1|           1|
    |select_ln70_203_fu_7315_p3        |    select|   0|  0|    9|           1|           1|
    |select_ln70_204_fu_7393_p3        |    select|   0|  0|    9|           1|           1|
    |select_ln70_205_fu_7471_p3        |    select|   0|  0|    9|           1|           1|
    |select_ln70_206_fu_7549_p3        |    select|   0|  0|    9|           1|           1|
    |select_ln70_207_fu_7627_p3        |    select|   0|  0|    9|           1|           1|
    |select_ln70_208_fu_7705_p3        |    select|   0|  0|    9|           1|           1|
    |select_ln70_209_fu_7783_p3        |    select|   0|  0|    9|           1|           1|
    |select_ln70_20_fu_2875_p3         |    select|   0|  0|    8|           1|           8|
    |select_ln70_210_fu_7861_p3        |    select|   0|  0|    9|           1|           1|
    |select_ln70_211_fu_7939_p3        |    select|   0|  0|    9|           1|           1|
    |select_ln70_212_fu_8017_p3        |    select|   0|  0|    9|           1|           1|
    |select_ln70_213_fu_8095_p3        |    select|   0|  0|    9|           1|           1|
    |select_ln70_214_fu_8173_p3        |    select|   0|  0|    9|           1|           1|
    |select_ln70_215_fu_8251_p3        |    select|   0|  0|    9|           1|           1|
    |select_ln70_216_fu_8329_p3        |    select|   0|  0|    9|           1|           1|
    |select_ln70_217_fu_8407_p3        |    select|   0|  0|    9|           1|           1|
    |select_ln70_218_fu_8485_p3        |    select|   0|  0|    9|           1|           1|
    |select_ln70_219_fu_8563_p3        |    select|   0|  0|    9|           1|           1|
    |select_ln70_21_fu_2953_p3         |    select|   0|  0|    8|           1|           8|
    |select_ln70_220_fu_8641_p3        |    select|   0|  0|    9|           1|           1|
    |select_ln70_221_fu_8719_p3        |    select|   0|  0|    9|           1|           1|
    |select_ln70_222_fu_8797_p3        |    select|   0|  0|    9|           1|           1|
    |select_ln70_223_fu_8875_p3        |    select|   0|  0|    9|           1|           1|
    |select_ln70_224_fu_8953_p3        |    select|   0|  0|    9|           1|           1|
    |select_ln70_225_fu_9031_p3        |    select|   0|  0|    9|           1|           1|
    |select_ln70_226_fu_9109_p3        |    select|   0|  0|    9|           1|           1|
    |select_ln70_227_fu_9187_p3        |    select|   0|  0|    9|           1|           1|
    |select_ln70_228_fu_9265_p3        |    select|   0|  0|    9|           1|           1|
    |select_ln70_229_fu_9343_p3        |    select|   0|  0|    9|           1|           1|
    |select_ln70_22_fu_3031_p3         |    select|   0|  0|    8|           1|           8|
    |select_ln70_230_fu_9421_p3        |    select|   0|  0|    9|           1|           1|
    |select_ln70_231_fu_9499_p3        |    select|   0|  0|    9|           1|           1|
    |select_ln70_232_fu_9577_p3        |    select|   0|  0|    9|           1|           1|
    |select_ln70_233_fu_9655_p3        |    select|   0|  0|    9|           1|           1|
    |select_ln70_234_fu_9733_p3        |    select|   0|  0|    9|           1|           1|
    |select_ln70_235_fu_9811_p3        |    select|   0|  0|    9|           1|           1|
    |select_ln70_236_fu_9889_p3        |    select|   0|  0|    9|           1|           1|
    |select_ln70_237_fu_9967_p3        |    select|   0|  0|    9|           1|           1|
    |select_ln70_238_fu_10045_p3       |    select|   0|  0|    9|           1|           1|
    |select_ln70_239_fu_10123_p3       |    select|   0|  0|    9|           1|           1|
    |select_ln70_23_fu_3109_p3         |    select|   0|  0|    8|           1|           8|
    |select_ln70_240_fu_10201_p3       |    select|   0|  0|    9|           1|           1|
    |select_ln70_241_fu_10279_p3       |    select|   0|  0|    9|           1|           1|
    |select_ln70_242_fu_10357_p3       |    select|   0|  0|    9|           1|           1|
    |select_ln70_243_fu_10435_p3       |    select|   0|  0|    9|           1|           1|
    |select_ln70_244_fu_10513_p3       |    select|   0|  0|    9|           1|           1|
    |select_ln70_245_fu_10591_p3       |    select|   0|  0|    9|           1|           1|
    |select_ln70_246_fu_10669_p3       |    select|   0|  0|    9|           1|           1|
    |select_ln70_247_fu_10747_p3       |    select|   0|  0|    9|           1|           1|
    |select_ln70_248_fu_10825_p3       |    select|   0|  0|    9|           1|           1|
    |select_ln70_249_fu_10903_p3       |    select|   0|  0|    9|           1|           1|
    |select_ln70_24_fu_3187_p3         |    select|   0|  0|    8|           1|           8|
    |select_ln70_250_fu_10981_p3       |    select|   0|  0|    9|           1|           1|
    |select_ln70_251_fu_11059_p3       |    select|   0|  0|    9|           1|           1|
    |select_ln70_252_fu_11137_p3       |    select|   0|  0|    9|           1|           1|
    |select_ln70_253_fu_11215_p3       |    select|   0|  0|    9|           1|           1|
    |select_ln70_254_fu_11293_p3       |    select|   0|  0|    9|           1|           1|
    |select_ln70_255_fu_11371_p3       |    select|   0|  0|    9|           1|           1|
    |select_ln70_25_fu_3265_p3         |    select|   0|  0|    8|           1|           8|
    |select_ln70_26_fu_3343_p3         |    select|   0|  0|    8|           1|           8|
    |select_ln70_27_fu_3421_p3         |    select|   0|  0|    8|           1|           8|
    |select_ln70_28_fu_3499_p3         |    select|   0|  0|    8|           1|           8|
    |select_ln70_29_fu_3577_p3         |    select|   0|  0|    8|           1|           8|
    |select_ln70_2_fu_1471_p3          |    select|   0|  0|    8|           1|           8|
    |select_ln70_30_fu_3655_p3         |    select|   0|  0|    8|           1|           8|
    |select_ln70_31_fu_3733_p3         |    select|   0|  0|    8|           1|           8|
    |select_ln70_32_fu_3811_p3         |    select|   0|  0|    8|           1|           8|
    |select_ln70_33_fu_3889_p3         |    select|   0|  0|    8|           1|           8|
    |select_ln70_34_fu_3967_p3         |    select|   0|  0|    8|           1|           8|
    |select_ln70_35_fu_4045_p3         |    select|   0|  0|    8|           1|           8|
    |select_ln70_36_fu_4123_p3         |    select|   0|  0|    8|           1|           8|
    |select_ln70_37_fu_4201_p3         |    select|   0|  0|    8|           1|           8|
    |select_ln70_38_fu_4279_p3         |    select|   0|  0|    8|           1|           8|
    |select_ln70_39_fu_4357_p3         |    select|   0|  0|    8|           1|           8|
    |select_ln70_3_fu_1549_p3          |    select|   0|  0|    8|           1|           8|
    |select_ln70_40_fu_4435_p3         |    select|   0|  0|    8|           1|           8|
    |select_ln70_41_fu_4513_p3         |    select|   0|  0|    8|           1|           8|
    |select_ln70_42_fu_4591_p3         |    select|   0|  0|    8|           1|           8|
    |select_ln70_43_fu_4669_p3         |    select|   0|  0|    8|           1|           8|
    |select_ln70_44_fu_4747_p3         |    select|   0|  0|    8|           1|           8|
    |select_ln70_45_fu_4825_p3         |    select|   0|  0|    8|           1|           8|
    |select_ln70_46_fu_4903_p3         |    select|   0|  0|    8|           1|           8|
    |select_ln70_47_fu_4981_p3         |    select|   0|  0|    8|           1|           8|
    |select_ln70_48_fu_5059_p3         |    select|   0|  0|    8|           1|           8|
    |select_ln70_49_fu_5137_p3         |    select|   0|  0|    8|           1|           8|
    |select_ln70_4_fu_1627_p3          |    select|   0|  0|    8|           1|           8|
    |select_ln70_50_fu_5215_p3         |    select|   0|  0|    8|           1|           8|
    |select_ln70_51_fu_5293_p3         |    select|   0|  0|    8|           1|           8|
    |select_ln70_52_fu_5371_p3         |    select|   0|  0|    8|           1|           8|
    |select_ln70_53_fu_5449_p3         |    select|   0|  0|    8|           1|           8|
    |select_ln70_54_fu_5527_p3         |    select|   0|  0|    8|           1|           8|
    |select_ln70_55_fu_5605_p3         |    select|   0|  0|    8|           1|           8|
    |select_ln70_56_fu_5683_p3         |    select|   0|  0|    8|           1|           8|
    |select_ln70_57_fu_5761_p3         |    select|   0|  0|    8|           1|           8|
    |select_ln70_58_fu_5839_p3         |    select|   0|  0|    8|           1|           8|
    |select_ln70_59_fu_5917_p3         |    select|   0|  0|    8|           1|           8|
    |select_ln70_5_fu_1705_p3          |    select|   0|  0|    8|           1|           8|
    |select_ln70_60_fu_5995_p3         |    select|   0|  0|    8|           1|           8|
    |select_ln70_61_fu_6073_p3         |    select|   0|  0|    8|           1|           8|
    |select_ln70_62_fu_6151_p3         |    select|   0|  0|    8|           1|           8|
    |select_ln70_63_fu_6229_p3         |    select|   0|  0|    8|           1|           8|
    |select_ln70_64_fu_6465_p3         |    select|   0|  0|    8|           1|           8|
    |select_ln70_65_fu_6543_p3         |    select|   0|  0|    8|           1|           8|
    |select_ln70_66_fu_6621_p3         |    select|   0|  0|    8|           1|           8|
    |select_ln70_67_fu_6699_p3         |    select|   0|  0|    8|           1|           8|
    |select_ln70_68_fu_6777_p3         |    select|   0|  0|    8|           1|           8|
    |select_ln70_69_fu_6855_p3         |    select|   0|  0|    8|           1|           8|
    |select_ln70_6_fu_1783_p3          |    select|   0|  0|    8|           1|           8|
    |select_ln70_70_fu_6933_p3         |    select|   0|  0|    8|           1|           8|
    |select_ln70_71_fu_7011_p3         |    select|   0|  0|    8|           1|           8|
    |select_ln70_72_fu_7089_p3         |    select|   0|  0|    8|           1|           8|
    |select_ln70_73_fu_7167_p3         |    select|   0|  0|    8|           1|           8|
    |select_ln70_74_fu_7245_p3         |    select|   0|  0|    8|           1|           8|
    |select_ln70_75_fu_7323_p3         |    select|   0|  0|    8|           1|           8|
    |select_ln70_76_fu_7401_p3         |    select|   0|  0|    8|           1|           8|
    |select_ln70_77_fu_7479_p3         |    select|   0|  0|    8|           1|           8|
    |select_ln70_78_fu_7557_p3         |    select|   0|  0|    8|           1|           8|
    |select_ln70_79_fu_7635_p3         |    select|   0|  0|    8|           1|           8|
    |select_ln70_7_fu_1861_p3          |    select|   0|  0|    8|           1|           8|
    |select_ln70_80_fu_7713_p3         |    select|   0|  0|    8|           1|           8|
    |select_ln70_81_fu_7791_p3         |    select|   0|  0|    8|           1|           8|
    |select_ln70_82_fu_7869_p3         |    select|   0|  0|    8|           1|           8|
    |select_ln70_83_fu_7947_p3         |    select|   0|  0|    8|           1|           8|
    |select_ln70_84_fu_8025_p3         |    select|   0|  0|    8|           1|           8|
    |select_ln70_85_fu_8103_p3         |    select|   0|  0|    8|           1|           8|
    |select_ln70_86_fu_8181_p3         |    select|   0|  0|    8|           1|           8|
    |select_ln70_87_fu_8259_p3         |    select|   0|  0|    8|           1|           8|
    |select_ln70_88_fu_8337_p3         |    select|   0|  0|    8|           1|           8|
    |select_ln70_89_fu_8415_p3         |    select|   0|  0|    8|           1|           8|
    |select_ln70_8_fu_1939_p3          |    select|   0|  0|    8|           1|           8|
    |select_ln70_90_fu_8493_p3         |    select|   0|  0|    8|           1|           8|
    |select_ln70_91_fu_8571_p3         |    select|   0|  0|    8|           1|           8|
    |select_ln70_92_fu_8649_p3         |    select|   0|  0|    8|           1|           8|
    |select_ln70_93_fu_8727_p3         |    select|   0|  0|    8|           1|           8|
    |select_ln70_94_fu_8805_p3         |    select|   0|  0|    8|           1|           8|
    |select_ln70_95_fu_8883_p3         |    select|   0|  0|    8|           1|           8|
    |select_ln70_96_fu_8961_p3         |    select|   0|  0|    8|           1|           8|
    |select_ln70_97_fu_9039_p3         |    select|   0|  0|    8|           1|           8|
    |select_ln70_98_fu_9117_p3         |    select|   0|  0|    8|           1|           8|
    |select_ln70_99_fu_9195_p3         |    select|   0|  0|    8|           1|           8|
    |select_ln70_9_fu_2017_p3          |    select|   0|  0|    8|           1|           8|
    |select_ln70_fu_1315_p3            |    select|   0|  0|    8|           1|           8|
    |ap_enable_pp0                     |       xor|   0|  0|    2|           1|           2|
    +----------------------------------+----------+----+---+-----+------------+------------+
    |Total                             |          |   0|  0|10408|        3092|        5386|
    +----------------------------------+----------+----+---+-----+------------+------------+

    * Multiplexer: 
    +----------------------------------+----+-----------+-----+-----------+
    |               Name               | LUT| Input Size| Bits| Total Bits|
    +----------------------------------+----+-----------+-----+-----------+
    |ap_NS_fsm                         |  14|          3|    1|          3|
    |ap_done_int                       |   9|          2|    1|          2|
    |ap_enable_reg_pp0_iter0           |   9|          2|    1|          2|
    |ap_enable_reg_pp0_iter1           |   9|          2|    1|          2|
    |ap_loop_exit_ready_pp0_iter1_reg  |   9|          2|    1|          2|
    |ap_sig_allocacmp_i1_load          |   9|          2|    7|         14|
    |i1_fu_198                         |   9|          2|    7|         14|
    |stream_A_TDATA_blk_n              |   9|          2|    1|          2|
    |stream_B_TDATA_blk_n              |   9|          2|    1|          2|
    |stream_C_TDATA_blk_n              |   9|          2|    1|          2|
    |stream_C_TDATA_int_regslice       |  14|          3|  512|       1536|
    +----------------------------------+----+-----------+-----+-----------+
    |Total                             | 109|         24|  534|       1581|
    +----------------------------------+----+-----------+-----+-----------+

    * Register: 
    +----------------------------------+---+----+-----+-----------+
    |               Name               | FF| LUT| Bits| Const Bits|
    +----------------------------------+---+----+-----+-----------+
    |ap_CS_fsm                         |  2|   0|    2|          0|
    |ap_done_reg                       |  1|   0|    1|          0|
    |ap_enable_reg_pp0_iter0_reg       |  1|   0|    1|          0|
    |ap_enable_reg_pp0_iter1           |  1|   0|    1|          0|
    |ap_loop_exit_ready_pp0_iter1_reg  |  1|   0|    1|          0|
    |i1_fu_198                         |  7|   0|    7|          0|
    |icmp_ln42_reg_11532               |  1|   0|    1|          0|
    +----------------------------------+---+----+-----+-----------+
    |Total                             | 14|   0|   14|          0|
    +----------------------------------+---+----+-----+-----------+



================================================================
== Interface
================================================================
* Summary: 
+-----------------------+-----+-----+------------+----------------------+--------------+
|       RTL Ports       | Dir | Bits|  Protocol  |     Source Object    |    C Type    |
+-----------------------+-----+-----+------------+----------------------+--------------+
|s_axi_control_AWVALID  |   in|    1|       s_axi|               control|   return void|
|s_axi_control_AWREADY  |  out|    1|       s_axi|               control|   return void|
|s_axi_control_AWADDR   |   in|    4|       s_axi|               control|   return void|
|s_axi_control_WVALID   |   in|    1|       s_axi|               control|   return void|
|s_axi_control_WREADY   |  out|    1|       s_axi|               control|   return void|
|s_axi_control_WDATA    |   in|   32|       s_axi|               control|   return void|
|s_axi_control_WSTRB    |   in|    4|       s_axi|               control|   return void|
|s_axi_control_ARVALID  |   in|    1|       s_axi|               control|   return void|
|s_axi_control_ARREADY  |  out|    1|       s_axi|               control|   return void|
|s_axi_control_ARADDR   |   in|    4|       s_axi|               control|   return void|
|s_axi_control_RVALID   |  out|    1|       s_axi|               control|   return void|
|s_axi_control_RREADY   |   in|    1|       s_axi|               control|   return void|
|s_axi_control_RDATA    |  out|   32|       s_axi|               control|   return void|
|s_axi_control_RRESP    |  out|    2|       s_axi|               control|   return void|
|s_axi_control_BVALID   |  out|    1|       s_axi|               control|   return void|
|s_axi_control_BREADY   |   in|    1|       s_axi|               control|   return void|
|s_axi_control_BRESP    |  out|    2|       s_axi|               control|   return void|
|ap_clk                 |   in|    1|  ap_ctrl_hs|  IMAGE_DIFF_POSTERIZE|  return value|
|ap_rst_n               |   in|    1|  ap_ctrl_hs|  IMAGE_DIFF_POSTERIZE|  return value|
|interrupt              |  out|    1|  ap_ctrl_hs|  IMAGE_DIFF_POSTERIZE|  return value|
|stream_A_TVALID        |   in|    1|        axis|              stream_A|       pointer|
|stream_A_TDATA         |   in|  512|        axis|              stream_A|       pointer|
|stream_A_TREADY        |  out|    1|        axis|              stream_A|       pointer|
|stream_B_TVALID        |   in|    1|        axis|              stream_B|       pointer|
|stream_B_TDATA         |   in|  512|        axis|              stream_B|       pointer|
|stream_B_TREADY        |  out|    1|        axis|              stream_B|       pointer|
|stream_C_TREADY        |   in|    1|        axis|              stream_C|       pointer|
|stream_C_TDATA         |  out|  512|        axis|              stream_C|       pointer|
|stream_C_TVALID        |  out|    1|        axis|              stream_C|       pointer|
+-----------------------+-----+-----+------------+----------------------+--------------+

